     1                                  section .data
     2 00000000 00<rep 14h>             	input_str times 20 db 0
     3 00000014 00<rep 14h>             	output_str times 20 db 0
     4                                  section .text
     5                                  	global _start
     6                                  _start:
     7 00000000 B804000000              	mov rax, 4
     8 00000005 50                      	push rax
     9 00000006 4889C0                  	mov rax, rax
    10 00000009 E80B000000              	call print
    11 0000000E 58                      	pop rax
    12 0000000F B83C000000              	mov rax, 60
    13 00000014 4831FF                  	xor rdi, rdi
    14 00000017 0F05                    	syscall
    15                                  ;------------------------------------------------------------------
    16                                  print:
    17 00000019 488D3C25[14000000]      	lea rdi, output_str
    18                                  
    19 00000021 4883F800                	cmp rax, 0
    20 00000025 7F0C                    	jg pozitive
    21 00000027 48F7D0                  	not rax
    22 0000002A 48FFC0                  	inc rax
    23 0000002D C6072D                  	mov byte [rdi], '-'
    24 00000030 48FFC7                  	inc rdi
    25                                  pozitive:
    26 00000033 4831C9                  	xor rcx, rcx                ;rcx = 0
    27 00000036 B100                    	mov cl, 0                   ;counter
    28                                  
    29                                  dec_count_digits:
    30 00000038 FEC1                    	inc cl                      ;cl++
    31 0000003A 4831D2                  	xor rdx, rdx
    32 0000003D BB0A000000              	mov rbx, 10
    33 00000042 48F7F3                  	div rbx
    34 00000045 52                      	push rdx
    35 00000046 4885C0                  	test rax, rax
    36 00000049 75ED                    	jnz dec_count_digits
    37                                  
    38                                  print_dec:
    39 0000004B 58                      	pop rax
    40 0000004C 0430                    	add al, '0'
    41 0000004E 8807                    	mov [rdi], al
    42 00000050 48FFC7                  	inc rdi                     ;кdi++
    43 00000053 E2F6                    	loop print_dec
    44                                  
    45 00000055 C6070A                  	mov byte [rdi], 10
    46                                  
    47                                  print_and_free_buffer:
    48 00000058 488D3425[14000000]      	lea rsi, output_str      ; copy address
    49 00000060 488D3C25[14000000]      	lea rdi, output_str      ; copy begin(to cmp symbol abd '\0')
    50 00000068 4831C9                  	xor rcx, rcx            ; len counter
    51                                  
    52                                  len_calculate:
    53 0000006B 803F00                  	cmp byte [rdi], 0       ; if '\0'
    54 0000006E 7408                    	je print_str
    55 00000070 48FFC1                  	inc rcx                 ; len counter++
    56 00000073 48FFC7                  	inc rdi                 ; next symabol
    57 00000076 EBF3                    	jmp len_calculate
    58                                  
    59                                  print_str:
    60 00000078 B801000000              	mov rax, 1              ; syscall number
    61 0000007D BF01000000              	mov rdi, 1              ; stdout
    62 00000082 4889CA                  	mov rdx, rcx            ; str len
    63 00000085 0F05                    	syscall                 ; print str
    64                                  
    65 00000087 B914000000              	mov rcx, 20
    66 0000008C 488D3C25[14000000]      	lea rdi, output_str
    67                                  
    68                                  free_buffer:
    69                                  
    70 00000094 C60700                  	mov byte [rdi], 0
    71 00000097 48FFC7                  	inc rdi
    72 0000009A E2F8                    	loop free_buffer
    73                                  
    74 0000009C C3                      	ret
    75                                  ;------------------------------------------------------------
    76                                  input:
    77 0000009D 53                      	push rbx
    78 0000009E 51                      	push rcx
    79 0000009F 52                      	push rdx
    80 000000A0 57                      	push rdi
    81 000000A1 56                      	push rsi
    82 000000A2 B800000000              	mov rax, 0
    83 000000A7 BF00000000              	mov rdi, 0
    84 000000AC 488D3425[00000000]      	lea rsi, input_str
    85 000000B4 BA14000000              	mov rdx, 20
    86 000000B9 0F05                    	syscall
    87                                  
    88 000000BB 488D3C25[00000000]      	lea rdi, input_str
    89 000000C3 4831C0                  	xor rax, rax
    90 000000C6 BE01000000              	mov rsi, 1                   ;флаг знака
    91                                  
    92 000000CB 4831C9                  	xor rcx, rcx
    93                                  	skip_spaces:
    94 000000CE 8A0F                    	mov cl, [rdi]
    95 000000D0 80F920                  	cmp cl, ' '
    96 000000D3 7505                    	jne check_sign
    97 000000D5 48FFC7                  	inc rdi
    98 000000D8 EBF4                    	jmp skip_spaces
    99                                  check_sign:
   100 000000DA 8A0F                    	mov cl, [rdi]
   101 000000DC 80F92D                  	cmp cl, '-'
   102 000000DF 7402                    	je set_negative
   103 000000E1 EB0A                    	jmp make_number
   104                                  set_negative:
   105 000000E3 48C7C6FFFFFFFF          	mov rsi, -1
   106 000000EA 48FFC7                  	inc rdi
   107                                  
   108                                  make_number:
   109 000000ED 8A0F                    	mov cl, [rdi]
   110 000000EF 80F930                  	cmp cl, '0'
   111 000000F2 7C14                    	jl done
   112 000000F4 80F939                  	cmp cl, '9'
   113 000000F7 7F0F                    	jg done
   114                                  
   115 000000F9 80E930                  	sub cl, '0'
   116 000000FC 486BC00A                	imul rax, 10
   117 00000100 4801C8                  	add rax, rcx
   118                                  
   119 00000103 48FFC7                  	inc rdi
   120 00000106 EBE5                    	jmp make_number
   121                                  done:
   122 00000108 480FAFC6                	imul rax, rsi
   123 0000010C B914000000              	mov rcx, 20
   124 00000111 488D3C25[00000000]      	lea rdi, input_str
   125                                  free_input_buffer:
   126 00000119 C60700                  	mov byte [rdi], 0
   127 0000011C 48FFC7                  	inc rdi
   128 0000011F E2F8                    	loop free_input_buffer
   129                                  
   130 00000121 5E                      	pop rsi
   131 00000122 5F                      	pop rdi
   132 00000123 5A                      	pop rdx
   133 00000124 59                      	pop rcx
   134 00000125 5B                      	pop rbx
   135                                  
   136 00000126 C3                      	ret
