     1                                  section .text
     2                                      extern printf
     3                                      global _start
     4                                  _start:
     5                                  
     6 00000000 89C0                        mov eax, eax
     7 00000002 B801000000                  mov eax, 1
     8 00000007 BB01000000                  mov ebx, 1
     9 0000000C B901000000                  mov ecx, 1
    10 00000011 BA01000000                  mov edx, 1
    11 00000016 BF01000000                  mov edi, 1
    12 0000001B BE01000000                  mov esi, 1
    13 00000020 BD01000000                  mov ebp, 1
    14 00000025 BC01000000                  mov esp, 1
    15                                  
    16 0000002A 50                          push rax
    17 0000002B 52                          push rdx
    18                                  
    19 0000002C 5A                          pop rdx
    20 0000002D 58                          pop rax
    21                                  
    22 0000002E 50                          push rax
    23 0000002F 52                          push rdx
    24 00000030 89C0                        mov eax, eax
    25 00000032 31D2                        xor edx, edx
    26 00000034 F7F1                        div ecx
    27 00000036 89C0                        mov eax, eax
    28 00000038 5A                          pop rdx
    29 00000039 58                          pop rax
    30                                  
    31 0000003A 31D2                        xor edx, edx
    32                                  
    33 0000003C 01C0                        add eax, eax
    34 0000003E B801000000                  mov eax, 1
    35 00000043 31DB                        xor ebx, ebx
    36 00000045 CD80                        int 0x80
    37                                  
    38                                  section .data
    39 00000000 0800000000000000            a dq 8
    40 00000008 0C00000000000000            b dq 12
